https://patents.google.com/patent/TW202004620A/en
https://patents.google.com/patent/WO2020169125A2/en
https://patents.google.com/patent/CN106528775A/en
https://patents.google.com/patent/KR20200028110A/en
https://patents.google.com/patent/KR20200141816A/en
https://patents.google.com/patent/US20190306235A1/en
https://patents.google.com/patent/US20200320490A1/en
https://patents.google.com/patent/US20200412524A1/en
https://patents.google.com/patent/AU2019201798A1/en
https://patents.google.com/patent/AU2019203848B2/en
https://patents.google.com/patent/KR101976787B1/en
https://patents.google.com/patent/KR102099234B1/en
https://patents.google.com/patent/KR102142259B1/en
https://patents.google.com/patent/KR20180041055A/en
https://patents.google.com/patent/KR20200070772A/en
https://patents.google.com/patent/US10846299B2/en
https://patents.google.com/patent/US20180218343A1/en
https://patents.google.com/patent/US20190081789A1/en
https://patents.google.com/patent/US20190122300A1/en
https://patents.google.com/patent/US20190303920A1/en
https://patents.google.com/patent/US20200037158A1/en
https://patents.google.com/patent/US20200162473A1/en
https://patents.google.com/patent/US20200273578A1/en
https://patents.google.com/patent/US20200294128A1/en
https://patents.google.com/patent/WO2019072297A2/en
https://patents.google.com/patent/WO2020210076A1/en
https://patents.google.com/patent/WO2020236481A1/en
https://patents.google.com/patent/US20200034353A1/en
https://patents.google.com/patent/US20150066613A1/en
https://patents.google.com/patent/AU2019240623A1/en
https://patents.google.com/patent/AU2019281203A1/en
https://patents.google.com/patent/CN107358437B/en
https://patents.google.com/patent/CN111047305A/en
https://patents.google.com/patent/CN111340469A/en
https://patents.google.com/patent/CN111353770A/en
https://patents.google.com/patent/CN111369242A/en
https://patents.google.com/patent/CN111563733A/en
https://patents.google.com/patent/CN111738716A/en
https://patents.google.com/patent/CN111768198A/en
https://patents.google.com/patent/CN111815320A/en
https://patents.google.com/patent/CN112001716A/en
https://patents.google.com/patent/KR101904208B1/en
https://patents.google.com/patent/KR20180123968A/en
https://patents.google.com/patent/KR20190126652A/en
https://patents.google.com/patent/US10825001B2/en
https://patents.google.com/patent/US20190236591A1/en
https://patents.google.com/patent/US20190295069A1/en
https://patents.google.com/patent/US20200005282A1/en
https://patents.google.com/patent/US20200082389A1/en
https://patents.google.com/patent/US20200090163A1/en
https://patents.google.com/patent/US20200320564A1/en
https://patents.google.com/patent/WO2020032314A1/en
https://patents.google.com/patent/AU2018348318B2/en
https://patents.google.com/patent/AU2020101898A4/en
https://patents.google.com/patent/CN111709749A/en
https://patents.google.com/patent/DE102018000687A1/en
https://patents.google.com/patent/DE102020100863A1/en
https://patents.google.com/patent/JP2019519014A/en
https://patents.google.com/patent/JP2020520152A/en
https://patents.google.com/patent/KR101936759B1/en
https://patents.google.com/patent/KR101986081B1/en
https://patents.google.com/patent/KR102072993B1/en
https://patents.google.com/patent/KR20200045089A/en
https://patents.google.com/patent/KR20200083163A/en
https://patents.google.com/patent/KR20200091237A/en
https://patents.google.com/patent/TWI696933B/zh
https://patents.google.com/patent/US10742423B1/en
https://patents.google.com/patent/US10749696B1/en
https://patents.google.com/patent/US10878429B2/en
https://patents.google.com/patent/US20180165588A1/en
https://patents.google.com/patent/US20180268382A1/en
https://patents.google.com/patent/US20190050855A1/en
https://patents.google.com/patent/US20190065685A1/en
https://patents.google.com/patent/US20190066206A1/en
https://patents.google.com/patent/US20190122086A1/en
https://patents.google.com/patent/US20190205932A1/en
https://patents.google.com/patent/US20190229892A1/en
https://patents.google.com/patent/US20190385223A1/en
https://patents.google.com/patent/US20200013073A1/en
https://patents.google.com/patent/US20200027089A1/en
https://patents.google.com/patent/US20200082388A1/en
https://patents.google.com/patent/US20200084027A1/en
https://patents.google.com/patent/US20200213329A1/en
https://patents.google.com/patent/US20200273578A1/en
https://patents.google.com/patent/US20200294128A1/en
https://patents.google.com/patent/US20200320490A1/en
https://patents.google.com/patent/US20200327030A1/en
https://patents.google.com/patent/US20200344233A1/en
https://patents.google.com/patent/US20200349147A1/en
https://patents.google.com/patent/US20200351095A1/en
https://patents.google.com/patent/US20200374104A1/en
https://patents.google.com/patent/WO2018194379A1/en
https://patents.google.com/patent/WO2019228560A2/en
https://patents.google.com/patent/WO2020032314A1/en
https://patents.google.com/patent/WO2020086770A1/en
https://patents.google.com/patent/WO2020098815A2/en
https://patents.google.com/patent/WO2020106803A1/en
https://patents.google.com/patent/WO2020123464A1/en
https://patents.google.com/patent/WO2020169125A2/en
https://patents.google.com/patent/WO2020236481A1/en
https://patents.google.com/patent/CN110570323A/en
https://patents.google.com/patent/CN111062805A/en
https://patents.google.com/patent/US20200389301A1/en
https://patents.google.com/patent/US10848553B2/en
https://patents.google.com/patent/CN110675233A/en
https://patents.google.com/patent/CN112150131A/en
https://patents.google.com/patent/KR20200132399A/en
https://patents.google.com/patent/US10572918B2/en
https://patents.google.com/patent/US10728046B1/en
https://patents.google.com/patent/US10790988B1/en
https://patents.google.com/patent/US20190251589A1/en
https://patents.google.com/patent/US20190306235A1/en
https://patents.google.com/patent/US20200036712A1/en
https://patents.google.com/patent/WO2019228560A2/en
https://patents.google.com/patent/JP2019514099A/en
https://patents.google.com/patent/JP2019519014A/en
https://patents.google.com/patent/JP2020520152A/en
https://patents.google.com/patent/JP2020524826A/ja
https://patents.google.com/patent/US20080103923A1/en
https://patents.google.com/patent/US20080126245A1/en
https://patents.google.com/patent/US20090178598A1/en
https://patents.google.com/patent/US20120245983A1/en
https://patents.google.com/patent/US20160299918A1/en
https://patents.google.com/patent/WO2019246626A1/en
https://patents.google.com/patent/WO2020005328A2/en
https://patents.google.com/patent/JP2015516631A/en
https://patents.google.com/patent/JP2020102050A/ja
https://patents.google.com/patent/JP2020102052A/ja
https://patents.google.com/patent/CN111406269A/en
https://patents.google.com/patent/US20160110695A1/en
https://patents.google.com/patent/US8985442B1/en
https://patents.google.com/patent/AT521455A2/en
https://patents.google.com/patent/CN108292330A/en
https://patents.google.com/patent/US20130086389A1/en
https://patents.google.com/patent/US20190034917A1/en